(Cons 104 (Cons 101 (Cons 108 (Cons 108 (Cons 111 (Cons 32 (Cons 119 (Cons 111 (Cons 114 (Cons 108 (Cons 100 Nil)))))))))))
