(Cons 32 (Cons 32 (Cons 32 (Cons 32 (Cons 32 (Cons 32 (Cons 32 (Cons 32 (Cons 32 (Cons 32 (Cons 32 (Cons 32 (Cons 32 (Cons 32 (Cons 32 (Cons 32 (Cons 32 (Cons 32 (Cons 32 (Cons 32 (Cons 32 (Cons 32 (Cons 32 (Cons 32 (Cons 32 (Cons 32 (Cons 32 (Cons 32 (Cons 32 (Cons 32 (Cons 32 (Cons 42 (Cons 10 (Cons 32 (Cons 32 (Cons 32 (Cons 32 (Cons 32 (Cons 32 (Cons 32 (Cons 32 (Cons 32 (Cons 32 (Cons 32 (Cons 32 (Cons 32 (Cons 32 (Cons 32 (Cons 32 (Cons 32 (Cons 32 (Cons 32 (Cons 32 (Cons 32 (Cons 32 (Cons 32 (Cons 32 (Cons 32 (Cons 32 (Cons 32 (Cons 32 (Cons 32 (Cons 32 (Cons 42 (Cons 32 (Cons 42 (Cons 10 (Cons 32 (Cons 32 (Cons 32 (Cons 32 (Cons 32 (Cons 32 (Cons 32 (Cons 32 (Cons 32 (Cons 32 (Cons 32 (Cons 32 (Cons 32 (Cons 32 (Cons 32 (Cons 32 (Cons 32 (Cons 32 (Cons 32 (Cons 32 (Cons 32 (Cons 32 (Cons 32 (Cons 32 (Cons 32 (Cons 32 (Cons 32 (Cons 32 (Cons 32 (Cons 42 (Cons 32 (Cons 32 (Cons 32 (Cons 42 (Cons 10 (Cons 32 (Cons 32 (Cons 32 (Cons 32 (Cons 32 (Cons 32 (Cons 32 (Cons 32 (Cons 32 (Cons 32 (Cons 32 (Cons 32 (Cons 32 (Cons 32 (Cons 32 (Cons 32 (Cons 32 (Cons 32 (Cons 32 (Cons 32 (Cons 32 (Cons 32 (Cons 32 (Cons 32 (Cons 32 (Cons 32 (Cons 32 (Cons 32 (Cons 42 (Cons 32 (Cons 42 (Cons 32 (Cons 42 (Cons 32 (Cons 42 (Cons 10 (Cons 32 (Cons 32 (Cons 32 (Cons 32 (Cons 32 (Cons 32 (Cons 32 (Cons 32 (Cons 32 (Cons 32 (Cons 32 (Cons 32 (Cons 32 (Cons 32 (Cons 32 (Cons 32 (Cons 32 (Cons 32 (Cons 32 (Cons 32 (Cons 32 (Cons 32 (Cons 32 (Cons 32 (Cons 32 (Cons 32 (Cons 32 (Cons 42 (Cons 32 (Cons 32 (Cons 32 (Cons 32 (Cons 32 (Cons 32 (Cons 32 (Cons 42 (Cons 10 (Cons 32 (Cons 32 (Cons 32 (Cons 32 (Cons 32 (Cons 32 (Cons 32 (Cons 32 (Cons 32 (Cons 32 (Cons 32 (Cons 32 (Cons 32 (Cons 32 (Cons 32 (Cons 32 (Cons 32 (Cons 32 (Cons 32 (Cons 32 (Cons 32 (Cons 32 (Cons 32 (Cons 32 (Cons 32 (Cons 32 (Cons 42 (Cons 32 (Cons 42 (Cons 32 (Cons 32 (Cons 32 (Cons 32 (Cons 32 (Cons 42 (Cons 32 (Cons 42 (Cons 10 (Cons 32 (Cons 32 (Cons 32 (Cons 32 (Cons 32 (Cons 32 (Cons 32 (Cons 32 (Cons 32 (Cons 32 (Cons 32 (Cons 32 (Cons 32 (Cons 32 (Cons 32 (Cons 32 (Cons 32 (Cons 32 (Cons 32 (Cons 32 (Cons 32 (Cons 32 (Cons 32 (Cons 32 (Cons 32 (Cons 42 (Cons 32 (Cons 32 (Cons 32 (Cons 42 (Cons 32 (Cons 32 (Cons 32 (Cons 42 (Cons 32 (Cons 32 (Cons 32 (Cons 42 (Cons 10 (Cons 32 (Cons 32 (Cons 32 (Cons 32 (Cons 32 (Cons 32 (Cons 32 (Cons 32 (Cons 32 (Cons 32 (Cons 32 (Cons 32 (Cons 32 (Cons 32 (Cons 32 (Cons 32 (Cons 32 (Cons 32 (Cons 32 (Cons 32 (Cons 32 (Cons 32 (Cons 32 (Cons 32 (Cons 42 (Cons 32 (Cons 42 (Cons 32 (Cons 42 (Cons 32 (Cons 42 (Cons 32 (Cons 42 (Cons 32 (Cons 42 (Cons 32 (Cons 42 (Cons 32 (Cons 42 (Cons 10 (Cons 32 (Cons 32 (Cons 32 (Cons 32 (Cons 32 (Cons 32 (Cons 32 (Cons 32 (Cons 32 (Cons 32 (Cons 32 (Cons 32 (Cons 32 (Cons 32 (Cons 32 (Cons 32 (Cons 32 (Cons 32 (Cons 32 (Cons 32 (Cons 32 (Cons 32 (Cons 32 (Cons 42 (Cons 32 (Cons 32 (Cons 32 (Cons 32 (Cons 32 (Cons 32 (Cons 32 (Cons 32 (Cons 32 (Cons 32 (Cons 32 (Cons 32 (Cons 32 (Cons 32 (Cons 32 (Cons 42 (Cons 10 (Cons 32 (Cons 32 (Cons 32 (Cons 32 (Cons 32 (Cons 32 (Cons 32 (Cons 32 (Cons 32 (Cons 32 (Cons 32 (Cons 32 (Cons 32 (Cons 32 (Cons 32 (Cons 32 (Cons 32 (Cons 32 (Cons 32 (Cons 32 (Cons 32 (Cons 32 (Cons 42 (Cons 32 (Cons 42 (Cons 32 (Cons 32 (Cons 32 (Cons 32 (Cons 32 (Cons 32 (Cons 32 (Cons 32 (Cons 32 (Cons 32 (Cons 32 (Cons 32 (Cons 32 (Cons 42 (Cons 32 (Cons 42 (Cons 10 (Cons 32 (Cons 32 (Cons 32 (Cons 32 (Cons 32 (Cons 32 (Cons 32 (Cons 32 (Cons 32 (Cons 32 (Cons 32 (Cons 32 (Cons 32 (Cons 32 (Cons 32 (Cons 32 (Cons 32 (Cons 32 (Cons 32 (Cons 32 (Cons 32 (Cons 42 (Cons 32 (Cons 32 (Cons 32 (Cons 42 (Cons 32 (Cons 32 (Cons 32 (Cons 32 (Cons 32 (Cons 32 (Cons 32 (Cons 32 (Cons 32 (Cons 32 (Cons 32 (Cons 42 (Cons 32 (Cons 32 (Cons 32 (Cons 42 (Cons 10 (Cons 32 (Cons 32 (Cons 32 (Cons 32 (Cons 32 (Cons 32 (Cons 32 (Cons 32 (Cons 32 (Cons 32 (Cons 32 (Cons 32 (Cons 32 (Cons 32 (Cons 32 (Cons 32 (Cons 32 (Cons 32 (Cons 32 (Cons 32 (Cons 42 (Cons 32 (Cons 42 (Cons 32 (Cons 42 (Cons 32 (Cons 42 (Cons 32 (Cons 32 (Cons 32 (Cons 32 (Cons 32 (Cons 32 (Cons 32 (Cons 32 (Cons 32 (Cons 42 (Cons 32 (Cons 42 (Cons 32 (Cons 42 (Cons 32 (Cons 42 (Cons 10 (Cons 32 (Cons 32 (Cons 32 (Cons 32 (Cons 32 (Cons 32 (Cons 32 (Cons 32 (Cons 32 (Cons 32 (Cons 32 (Cons 32 (Cons 32 (Cons 32 (Cons 32 (Cons 32 (Cons 32 (Cons 32 (Cons 32 (Cons 42 (Cons 32 (Cons 32 (Cons 32 (Cons 32 (Cons 32 (Cons 32 (Cons 32 (Cons 42 (Cons 32 (Cons 32 (Cons 32 (Cons 32 (Cons 32 (Cons 32 (Cons 32 (Cons 42 (Cons 32 (Cons 32 (Cons 32 (Cons 32 (Cons 32 (Cons 32 (Cons 32 (Cons 42 (Cons 10 (Cons 32 (Cons 32 (Cons 32 (Cons 32 (Cons 32 (Cons 32 (Cons 32 (Cons 32 (Cons 32 (Cons 32 (Cons 32 (Cons 32 (Cons 32 (Cons 32 (Cons 32 (Cons 32 (Cons 32 (Cons 32 (Cons 42 (Cons 32 (Cons 42 (Cons 32 (Cons 32 (Cons 32 (Cons 32 (Cons 32 (Cons 42 (Cons 32 (Cons 42 (Cons 32 (Cons 32 (Cons 32 (Cons 32 (Cons 32 (Cons 42 (Cons 32 (Cons 42 (Cons 32 (Cons 32 (Cons 32 (Cons 32 (Cons 32 (Cons 42 (Cons 32 (Cons 42 (Cons 10 (Cons 32 (Cons 32 (Cons 32 (Cons 32 (Cons 32 (Cons 32 (Cons 32 (Cons 32 (Cons 32 (Cons 32 (Cons 32 (Cons 32 (Cons 32 (Cons 32 (Cons 32 (Cons 32 (Cons 32 (Cons 42 (Cons 32 (Cons 32 (Cons 32 (Cons 42 (Cons 32 (Cons 32 (Cons 32 (Cons 42 (Cons 32 (Cons 32 (Cons 32 (Cons 42 (Cons 32 (Cons 32 (Cons 32 (Cons 42 (Cons 32 (Cons 32 (Cons 32 (Cons 42 (Cons 32 (Cons 32 (Cons 32 (Cons 42 (Cons 32 (Cons 32 (Cons 32 (Cons 42 (Cons 10 (Cons 32 (Cons 32 (Cons 32 (Cons 32 (Cons 32 (Cons 32 (Cons 32 (Cons 32 (Cons 32 (Cons 32 (Cons 32 (Cons 32 (Cons 32 (Cons 32 (Cons 32 (Cons 32 (Cons 42 (Cons 32 (Cons 42 (Cons 32 (Cons 42 (Cons 32 (Cons 42 (Cons 32 (Cons 42 (Cons 32 (Cons 42 (Cons 32 (Cons 42 (Cons 32 (Cons 42 (Cons 32 (Cons 42 (Cons 32 (Cons 42 (Cons 32 (Cons 42 (Cons 32 (Cons 42 (Cons 32 (Cons 42 (Cons 32 (Cons 42 (Cons 32 (Cons 42 (Cons 32 (Cons 42 (Cons 10 (Cons 32 (Cons 32 (Cons 32 (Cons 32 (Cons 32 (Cons 32 (Cons 32 (Cons 32 (Cons 32 (Cons 32 (Cons 32 (Cons 32 (Cons 32 (Cons 32 (Cons 32 (Cons 42 (Cons 32 (Cons 32 (Cons 32 (Cons 32 (Cons 32 (Cons 32 (Cons 32 (Cons 32 (Cons 32 (Cons 32 (Cons 32 (Cons 32 (Cons 32 (Cons 32 (Cons 32 (Cons 32 (Cons 32 (Cons 32 (Cons 32 (Cons 32 (Cons 32 (Cons 32 (Cons 32 (Cons 32 (Cons 32 (Cons 32 (Cons 32 (Cons 32 (Cons 32 (Cons 32 (Cons 32 (Cons 42 (Cons 10 (Cons 32 (Cons 32 (Cons 32 (Cons 32 (Cons 32 (Cons 32 (Cons 32 (Cons 32 (Cons 32 (Cons 32 (Cons 32 (Cons 32 (Cons 32 (Cons 32 (Cons 42 (Cons 32 (Cons 42 (Cons 32 (Cons 32 (Cons 32 (Cons 32 (Cons 32 (Cons 32 (Cons 32 (Cons 32 (Cons 32 (Cons 32 (Cons 32 (Cons 32 (Cons 32 (Cons 32 (Cons 32 (Cons 32 (Cons 32 (Cons 32 (Cons 32 (Cons 32 (Cons 32 (Cons 32 (Cons 32 (Cons 32 (Cons 32 (Cons 32 (Cons 32 (Cons 32 (Cons 32 (Cons 42 (Cons 32 (Cons 42 (Cons 10 (Cons 32 (Cons 32 (Cons 32 (Cons 32 (Cons 32 (Cons 32 (Cons 32 (Cons 32 (Cons 32 (Cons 32 (Cons 32 (Cons 32 (Cons 32 (Cons 42 (Cons 32 (Cons 32 (Cons 32 (Cons 42 (Cons 32 (Cons 32 (Cons 32 (Cons 32 (Cons 32 (Cons 32 (Cons 32 (Cons 32 (Cons 32 (Cons 32 (Cons 32 (Cons 32 (Cons 32 (Cons 32 (Cons 32 (Cons 32 (Cons 32 (Cons 32 (Cons 32 (Cons 32 (Cons 32 (Cons 32 (Cons 32 (Cons 32 (Cons 32 (Cons 32 (Cons 32 (Cons 42 (Cons 32 (Cons 32 (Cons 32 (Cons 42 (Cons 10 (Cons 32 (Cons 32 (Cons 32 (Cons 32 (Cons 32 (Cons 32 (Cons 32 (Cons 32 (Cons 32 (Cons 32 (Cons 32 (Cons 32 (Cons 42 (Cons 32 (Cons 42 (Cons 32 (Cons 42 (Cons 32 (Cons 42 (Cons 32 (Cons 32 (Cons 32 (Cons 32 (Cons 32 (Cons 32 (Cons 32 (Cons 32 (Cons 32 (Cons 32 (Cons 32 (Cons 32 (Cons 32 (Cons 32 (Cons 32 (Cons 32 (Cons 32 (Cons 32 (Cons 32 (Cons 32 (Cons 32 (Cons 32 (Cons 32 (Cons 32 (Cons 32 (Cons 42 (Cons 32 (Cons 42 (Cons 32 (Cons 42 (Cons 32 (Cons 42 (Cons 10 (Cons 32 (Cons 32 (Cons 32 (Cons 32 (Cons 32 (Cons 32 (Cons 32 (Cons 32 (Cons 32 (Cons 32 (Cons 32 (Cons 42 (Cons 32 (Cons 32 (Cons 32 (Cons 32 (Cons 32 (Cons 32 (Cons 32 (Cons 42 (Cons 32 (Cons 32 (Cons 32 (Cons 32 (Cons 32 (Cons 32 (Cons 32 (Cons 32 (Cons 32 (Cons 32 (Cons 32 (Cons 32 (Cons 32 (Cons 32 (Cons 32 (Cons 32 (Cons 32 (Cons 32 (Cons 32 (Cons 32 (Cons 32 (Cons 32 (Cons 32 (Cons 42 (Cons 32 (Cons 32 (Cons 32 (Cons 32 (Cons 32 (Cons 32 (Cons 32 (Cons 42 (Cons 10 (Cons 32 (Cons 32 (Cons 32 (Cons 32 (Cons 32 (Cons 32 (Cons 32 (Cons 32 (Cons 32 (Cons 32 (Cons 42 (Cons 32 (Cons 42 (Cons 32 (Cons 32 (Cons 32 (Cons 32 (Cons 32 (Cons 42 (Cons 32 (Cons 42 (Cons 32 (Cons 32 (Cons 32 (Cons 32 (Cons 32 (Cons 32 (Cons 32 (Cons 32 (Cons 32 (Cons 32 (Cons 32 (Cons 32 (Cons 32 (Cons 32 (Cons 32 (Cons 32 (Cons 32 (Cons 32 (Cons 32 (Cons 32 (Cons 32 (Cons 42 (Cons 32 (Cons 42 (Cons 32 (Cons 32 (Cons 32 (Cons 32 (Cons 32 (Cons 42 (Cons 32 (Cons 42 (Cons 10 (Cons 32 (Cons 32 (Cons 32 (Cons 32 (Cons 32 (Cons 32 (Cons 32 (Cons 32 (Cons 32 (Cons 42 (Cons 32 (Cons 32 (Cons 32 (Cons 42 (Cons 32 (Cons 32 (Cons 32 (Cons 42 (Cons 32 (Cons 32 (Cons 32 (Cons 42 (Cons 32 (Cons 32 (Cons 32 (Cons 32 (Cons 32 (Cons 32 (Cons 32 (Cons 32 (Cons 32 (Cons 32 (Cons 32 (Cons 32 (Cons 32 (Cons 32 (Cons 32 (Cons 32 (Cons 32 (Cons 32 (Cons 32 (Cons 42 (Cons 32 (Cons 32 (Cons 32 (Cons 42 (Cons 32 (Cons 32 (Cons 32 (Cons 42 (Cons 32 (Cons 32 (Cons 32 (Cons 42 (Cons 10 (Cons 32 (Cons 32 (Cons 32 (Cons 32 (Cons 32 (Cons 32 (Cons 32 (Cons 32 (Cons 42 (Cons 32 (Cons 42 (Cons 32 (Cons 42 (Cons 32 (Cons 42 (Cons 32 (Cons 42 (Cons 32 (Cons 42 (Cons 32 (Cons 42 (Cons 32 (Cons 42 (Cons 32 (Cons 32 (Cons 32 (Cons 32 (Cons 32 (Cons 32 (Cons 32 (Cons 32 (Cons 32 (Cons 32 (Cons 32 (Cons 32 (Cons 32 (Cons 32 (Cons 32 (Cons 32 (Cons 32 (Cons 42 (Cons 32 (Cons 42 (Cons 32 (Cons 42 (Cons 32 (Cons 42 (Cons 32 (Cons 42 (Cons 32 (Cons 42 (Cons 32 (Cons 42 (Cons 32 (Cons 42 (Cons 10 (Cons 32 (Cons 32 (Cons 32 (Cons 32 (Cons 32 (Cons 32 (Cons 32 (Cons 42 (Cons 32 (Cons 32 (Cons 32 (Cons 32 (Cons 32 (Cons 32 (Cons 32 (Cons 32 (Cons 32 (Cons 32 (Cons 32 (Cons 32 (Cons 32 (Cons 32 (Cons 32 (Cons 42 (Cons 32 (Cons 32 (Cons 32 (Cons 32 (Cons 32 (Cons 32 (Cons 32 (Cons 32 (Cons 32 (Cons 32 (Cons 32 (Cons 32 (Cons 32 (Cons 32 (Cons 32 (Cons 42 (Cons 32 (Cons 32 (Cons 32 (Cons 32 (Cons 32 (Cons 32 (Cons 32 (Cons 32 (Cons 32 (Cons 32 (Cons 32 (Cons 32 (Cons 32 (Cons 32 (Cons 32 (Cons 42 (Cons 10 (Cons 32 (Cons 32 (Cons 32 (Cons 32 (Cons 32 (Cons 32 (Cons 42 (Cons 32 (Cons 42 (Cons 32 (Cons 32 (Cons 32 (Cons 32 (Cons 32 (Cons 32 (Cons 32 (Cons 32 (Cons 32 (Cons 32 (Cons 32 (Cons 32 (Cons 32 (Cons 42 (Cons 32 (Cons 42 (Cons 32 (Cons 32 (Cons 32 (Cons 32 (Cons 32 (Cons 32 (Cons 32 (Cons 32 (Cons 32 (Cons 32 (Cons 32 (Cons 32 (Cons 32 (Cons 42 (Cons 32 (Cons 42 (Cons 32 (Cons 32 (Cons 32 (Cons 32 (Cons 32 (Cons 32 (Cons 32 (Cons 32 (Cons 32 (Cons 32 (Cons 32 (Cons 32 (Cons 32 (Cons 42 (Cons 32 (Cons 42 (Cons 10 (Cons 32 (Cons 32 (Cons 32 (Cons 32 (Cons 32 (Cons 42 (Cons 32 (Cons 32 (Cons 32 (Cons 42 (Cons 32 (Cons 32 (Cons 32 (Cons 32 (Cons 32 (Cons 32 (Cons 32 (Cons 32 (Cons 32 (Cons 32 (Cons 32 (Cons 42 (Cons 32 (Cons 32 (Cons 32 (Cons 42 (Cons 32 (Cons 32 (Cons 32 (Cons 32 (Cons 32 (Cons 32 (Cons 32 (Cons 32 (Cons 32 (Cons 32 (Cons 32 (Cons 42 (Cons 32 (Cons 32 (Cons 32 (Cons 42 (Cons 32 (Cons 32 (Cons 32 (Cons 32 (Cons 32 (Cons 32 (Cons 32 (Cons 32 (Cons 32 (Cons 32 (Cons 32 (Cons 42 (Cons 32 (Cons 32 (Cons 32 (Cons 42 (Cons 10 (Cons 32 (Cons 32 (Cons 32 (Cons 32 (Cons 42 (Cons 32 (Cons 42 (Cons 32 (Cons 42 (Cons 32 (Cons 42 (Cons 32 (Cons 32 (Cons 32 (Cons 32 (Cons 32 (Cons 32 (Cons 32 (Cons 32 (Cons 32 (Cons 42 (Cons 32 (Cons 42 (Cons 32 (Cons 42 (Cons 32 (Cons 42 (Cons 32 (Cons 32 (Cons 32 (Cons 32 (Cons 32 (Cons 32 (Cons 32 (Cons 32 (Cons 32 (Cons 42 (Cons 32 (Cons 42 (Cons 32 (Cons 42 (Cons 32 (Cons 42 (Cons 32 (Cons 32 (Cons 32 (Cons 32 (Cons 32 (Cons 32 (Cons 32 (Cons 32 (Cons 32 (Cons 42 (Cons 32 (Cons 42 (Cons 32 (Cons 42 (Cons 32 (Cons 42 (Cons 10 (Cons 32 (Cons 32 (Cons 32 (Cons 42 (Cons 32 (Cons 32 (Cons 32 (Cons 32 (Cons 32 (Cons 32 (Cons 32 (Cons 42 (Cons 32 (Cons 32 (Cons 32 (Cons 32 (Cons 32 (Cons 32 (Cons 32 (Cons 42 (Cons 32 (Cons 32 (Cons 32 (Cons 32 (Cons 32 (Cons 32 (Cons 32 (Cons 42 (Cons 32 (Cons 32 (Cons 32 (Cons 32 (Cons 32 (Cons 32 (Cons 32 (Cons 42 (Cons 32 (Cons 32 (Cons 32 (Cons 32 (Cons 32 (Cons 32 (Cons 32 (Cons 42 (Cons 32 (Cons 32 (Cons 32 (Cons 32 (Cons 32 (Cons 32 (Cons 32 (Cons 42 (Cons 32 (Cons 32 (Cons 32 (Cons 32 (Cons 32 (Cons 32 (Cons 32 (Cons 42 (Cons 10 (Cons 32 (Cons 32 (Cons 42 (Cons 32 (Cons 42 (Cons 32 (Cons 32 (Cons 32 (Cons 32 (Cons 32 (Cons 42 (Cons 32 (Cons 42 (Cons 32 (Cons 32 (Cons 32 (Cons 32 (Cons 32 (Cons 42 (Cons 32 (Cons 42 (Cons 32 (Cons 32 (Cons 32 (Cons 32 (Cons 32 (Cons 42 (Cons 32 (Cons 42 (Cons 32 (Cons 32 (Cons 32 (Cons 32 (Cons 32 (Cons 42 (Cons 32 (Cons 42 (Cons 32 (Cons 32 (Cons 32 (Cons 32 (Cons 32 (Cons 42 (Cons 32 (Cons 42 (Cons 32 (Cons 32 (Cons 32 (Cons 32 (Cons 32 (Cons 42 (Cons 32 (Cons 42 (Cons 32 (Cons 32 (Cons 32 (Cons 32 (Cons 32 (Cons 42 (Cons 32 (Cons 42 (Cons 10 (Cons 32 (Cons 42 (Cons 32 (Cons 32 (Cons 32 (Cons 42 (Cons 32 (Cons 32 (Cons 32 (Cons 42 (Cons 32 (Cons 32 (Cons 32 (Cons 42 (Cons 32 (Cons 32 (Cons 32 (Cons 42 (Cons 32 (Cons 32 (Cons 32 (Cons 42 (Cons 32 (Cons 32 (Cons 32 (Cons 42 (Cons 32 (Cons 32 (Cons 32 (Cons 42 (Cons 32 (Cons 32 (Cons 32 (Cons 42 (Cons 32 (Cons 32 (Cons 32 (Cons 42 (Cons 32 (Cons 32 (Cons 32 (Cons 42 (Cons 32 (Cons 32 (Cons 32 (Cons 42 (Cons 32 (Cons 32 (Cons 32 (Cons 42 (Cons 32 (Cons 32 (Cons 32 (Cons 42 (Cons 32 (Cons 32 (Cons 32 (Cons 42 (Cons 32 (Cons 32 (Cons 32 (Cons 42 (Cons 10 (Cons 42 (Cons 32 (Cons 42 (Cons 32 (Cons 42 (Cons 32 (Cons 42 (Cons 32 (Cons 42 (Cons 32 (Cons 42 (Cons 32 (Cons 42 (Cons 32 (Cons 42 (Cons 32 (Cons 42 (Cons 32 (Cons 42 (Cons 32 (Cons 42 (Cons 32 (Cons 42 (Cons 32 (Cons 42 (Cons 32 (Cons 42 (Cons 32 (Cons 42 (Cons 32 (Cons 42 (Cons 32 (Cons 42 (Cons 32 (Cons 42 (Cons 32 (Cons 42 (Cons 32 (Cons 42 (Cons 32 (Cons 42 (Cons 32 (Cons 42 (Cons 32 (Cons 42 (Cons 32 (Cons 42 (Cons 32 (Cons 42 (Cons 32 (Cons 42 (Cons 32 (Cons 42 (Cons 32 (Cons 42 (Cons 32 (Cons 42 (Cons 32 (Cons 42 (Cons 32 (Cons 42 (Cons 32 (Cons 42 (Cons 10 Nil))))))))))))))))))))))))))))))))))))))))))))))))))))))))))))))))))))))))))))))))))))))))))))))))))))))))))))))))))))))))))))))))))))))))))))))))))))))))))))))))))))))))))))))))))))))))))))))))))))))))))))))))))))))))))))))))))))))))))))))))))))))))))))))))))))))))))))))))))))))))))))))))))))))))))))))))))))))))))))))))))))))))))))))))))))))))))))))))))))))))))))))))))))))))))))))))))))))))))))))))))))))))))))))))))))))))))))))))))))))))))))))))))))))))))))))))))))))))))))))))))))))))))))))))))))))))))))))))))))))))))))))))))))))))))))))))))))))))))))))))))))))))))))))))))))))))))))))))))))))))))))))))))))))))))))))))))))))))))))))))))))))))))))))))))))))))))))))))))))))))))))))))))))))))))))))))))))))))))))))))))))))))))))))))))))))))))))))))))))))))))))))))))))))))))))))))))))))))))))))))))))))))))))))))))))))))))))))))))))))))))))))))))))))))))))))))))))))))))))))))))))))))))))))))))))))))))))))))))))))))))))))))))))))))))))))))))))))))))))))))))))))))))))))))))))))))))))))))))))))))))))))))))))))))))))))))))))))))))))))))))))))))))))))))))))))))))))))))))))))))))))))))))))))))))))))))))))))))))))))))))))))))))))))))))))))))))))))))))))))))))))))))))))))))))))))))))))))))))))))))))))))))))))))))))))))))))))))))))))))))))))))))))))))))))))))))))))))))))))))))))))))))))))))))))))))))))))))))))))))))))))))))))))))))))))))))))))))))))))))))))))))))))))))))))))))))))))))))))))))))))))))))))))))))))))))))))))))))))))))))))))))))))))))))))))))))))))))))))))))))))))))))))))))))))))))))))))))))))))))))))))))))))))))))))))))))))))))))
