(Cons 5 (Cons 4 (Cons 3 (Cons 2 (Cons 1 (Cons 0 Nil))))))
