(Cons 1 (Cons 3 (Cons 2 (Cons 1 (Cons 3 (Cons 2 (Cons 1 (Cons 3 (Cons 2 (Cons 1 (Cons 2 (Cons 1 (Cons 3 (Cons 2 (Cons 1 Nil)))))))))))))))
